
> learning-space-ai@0.1.0 build
> vite build && node scripts/fix-paths.js && npm run build:electron

The following Vite config options will be overridden by SvelteKit:
  - build.outDir
[36mvite v7.3.0 [32mbuilding ssr environment for production...[36m[39m
transforming...
[32mΓ£ô[39m 3 modules transformed.
Γ£ù Build failed in 33ms
error during build:
[vite-plugin-svelte:compile] [plugin vite-plugin-svelte:compile] src/routes/+page.svelte (100:1): D:/repos/learning-space-ai/src/routes/+page.svelte:100:1 `</main>` attempted to close an element that was not open
https://svelte.dev/e/element_invalid_closing_tag
file: D:/repos/learning-space-ai/src/routes/+page.svelte:100:1

  98 |        <!-- Project detail view -->
  99 |        <ProjectDetail projectId={projectManager.selectedProject} />
 100 |    </main>
          ^
 101 |  </div>
 102 |  


